// Jest Snapshot v1, https://goo.gl/fbAQLP

exports[`Accepted Image Test Suite Snapshot Testing 1`] = `ShallowWrapper {}`;
