// Jest Snapshot v1, https://goo.gl/fbAQLP

exports[`Image selection test suite Snapshot Testing 1`] = `ShallowWrapper {}`;
